// Jest Snapshot v1, https://goo.gl/fbAQLP

exports[`Button Test should render button correctly 1`] = `
<button
  className="btn"
  id="test"
  onClick={[Function]}
  type="button"
>
  text
</button>
`;
