// Jest Snapshot v1, https://goo.gl/fbAQLP

exports[`Login Page should render login correctly 1`] = `<homepage />`;
