// Jest Snapshot v1, https://goo.gl/fbAQLP

exports[`HomePage component should match snapshot 1`] = `
<div
  id="overlay"
>
  <div
    id="loader"
  />
</div>
`;
